# column   1     --> step : The current simulation time step.
# column   2     --> time{picosecond} : The elapsed simulation time.
# column   3     --> conserved : The value of the conserved energy quantity per bead.
# column   4     --> temperature{kelvin} : The current temperature, as obtained from the MD kinetic energy.
# column   5     --> potential : The physical system potential energy.
# column   6     --> volume : The volume of the cell box.
    0.00000000e+00     0.00000000e+00    -1.45005809e-02     3.01137246e+01    -4.20744571e-02     3.83612063e+04   
    1.00000000e+00     1.00000000e-03    -1.45005814e-02     3.00518573e+01    -4.20794037e-02     3.83611477e+04   
    2.00000000e+00     2.00000000e-03    -1.45005818e-02     3.01399779e+01    -4.20853190e-02     3.83607996e+04   
    3.00000000e+00     3.00000000e-03    -1.45005824e-02     3.00146042e+01    -4.20915713e-02     3.83604865e+04   
    4.00000000e+00     4.00000000e-03    -1.45005830e-02     2.99832963e+01    -4.20985958e-02     3.83600131e+04   
    5.00000000e+00     5.00000000e-03    -1.45005837e-02     2.99936885e+01    -4.21064789e-02     3.83593054e+04   
    6.00000000e+00     6.00000000e-03    -1.45005844e-02     3.00833066e+01    -4.21159033e-02     3.83580327e+04   
    7.00000000e+00     7.00000000e-03    -1.45005852e-02     3.01364798e+01    -4.21266206e-02     3.83563030e+04   
    8.00000000e+00     8.00000000e-03    -1.45005860e-02     3.01656799e+01    -4.21378344e-02     3.83545134e+04   
    9.00000000e+00     9.00000000e-03    -1.45005869e-02     3.03146694e+01    -4.21501387e-02     3.83523528e+04   
    1.00000000e+01     1.00000000e-02    -1.45005879e-02     3.04031991e+01    -4.21635743e-02     3.83497492e+04   
